// Jest Snapshot v1, https://goo.gl/fbAQLP

exports[`completedSteps Duck Tests Action Generator clearStepAsCompleted should match the snapshot 1`] = `
Object {
  "type": "modules/questionnaire-app/CLEAR_STEP_AS_COMPLETED",
}
`;

exports[`completedSteps Duck Tests Action Generator setStepAsCompleted should match the snapshot 1`] = `
Object {
  "data": Object {
    "mockVariable": "mockValue",
  },
  "type": "modules/questionnaire-app/SET_STEP_AS_COMPLETED",
}
`;
